// Vitest Snapshot v1, https://vitest.dev/guide/snapshot.html

exports[`Check taskRow snapshot 1`] = `
<DocumentFragment>
  <div
    class="flex flex-col relative overflow-hidden text-foreground box-border bg-content1 outline-none data-[focus-visible=true]:z-10 data-[focus-visible=true]:outline-2 data-[focus-visible=true]:outline-focus data-[focus-visible=true]:outline-offset-2 shadow-medium rounded-large transition-transform-background motion-reduce:transition-none xl:w-96 w-72 h-full"
    tabindex="-1"
  >
    <div
      class="z-10 w-full items-center shrink-0 overflow-inherit color-inherit subpixel-antialiased flex flex-row justify-between opacity-80 bg-blue-100 p-4 rounded-t-lg"
    >
      <h2
        class="text-lg font-semibold"
      >
        To Do
      </h2>
      <button
        class="z-0 group relative inline-flex items-center justify-center box-border appearance-none select-none whitespace-nowrap font-normal subpixel-antialiased overflow-hidden tap-highlight-transparent transform-gpu data-[pressed=true]:scale-[0.97] outline-none data-[focus-visible=true]:z-10 data-[focus-visible=true]:outline-2 data-[focus-visible=true]:outline-focus data-[focus-visible=true]:outline-offset-2 text-small gap-2 rounded-full px-0 !gap-0 transition-transform-colors-opacity motion-reduce:transition-none bg-transparent text-default-foreground data-[hover=true]:bg-default/40 min-w-10 w-10 h-10 mt-2"
        data-react-aria-pressable="true"
        tabindex="0"
        type="button"
      >
        <svg
          aria-hidden="true"
          class="h-5 w-5"
          fill="none"
          focusable="false"
          height="1em"
          role="presentation"
          viewBox="0 0 24 24"
          width="1em"
        >
          <path
            d="M12 5V19"
            stroke="currentColor"
            stroke-linecap="round"
            stroke-linejoin="round"
            stroke-width="2"
          />
          <path
            d="M5 12H19"
            stroke="currentColor"
            stroke-linecap="round"
            stroke-linejoin="round"
            stroke-width="2"
          />
        </svg>
        <span
          class="sr-only"
        >
          Add Task
        </span>
      </button>
    </div>
    <hr
      class="shrink-0 bg-divider border-none w-full h-divider"
      role="separator"
    />
    <div
      class="relative flex flex-auto flex-col place-content-inherit align-items-inherit h-auto break-words text-left overflow-y-auto subpixel-antialiased p-0 w-full"
    >
      <div
        class="overflow-y-auto data-[top-scroll=true]:[mask-image:linear-gradient(0deg,#000_calc(100%_-_var(--scroll-shadow-size)),transparent)] data-[bottom-scroll=true]:[mask-image:linear-gradient(180deg,#000_calc(100%_-_var(--scroll-shadow-size)),transparent)] data-[top-bottom-scroll=true]:[mask-image:linear-gradient(#000,#000,transparent_0,#000_var(--scroll-shadow-size),#000_calc(100%_-_var(--scroll-shadow-size)),transparent)] h-full"
        data-bottom-scroll="false"
        data-orientation="vertical"
        data-top-scroll="false"
        style="--scroll-shadow-size: 40px;"
      >
        <div
          class="w-full overflow-x-hidden h-full"
        >
          <p
            class="text-gray-500 text-center m-4"
          >
            No tasks available.
          </p>
        </div>
      </div>
    </div>
  </div>
</DocumentFragment>
`;
